<html>
<head>
  <style type="text/css">
    .test-table
    {
      font-family:"Trebuchet MS", Arial, Helvetica, sans-serif;
      border-collapse:collapse;
      empty-cells:show;
    }
    .test-table th
    {
      font-size:1.1em;
      text-align:left;
      padding-top:5px;
      padding-bottom:4px;
      background-color:#A7C942;
      color:#ffffff;
    }
    .test-table th.colhead
    {
      font-size:1.1em;
      text-align:left;
      padding-top:5px;
      padding-bottom:4px;
      background-color:#A7C942;
      color:#ffffff;
      border-bottom: 2px solid #333;
    }
    .test-table th.corner
    {
      font-size:1.1em;
      text-align:left;
      padding-top:5px;
      padding-bottom:4px;
      background-color:#A7C942;
      color:#ffffff;
      border-bottom: 2px solid #333;
      border-right: 2px solid #333;
    }
    .test-table td, .test-table th[scope=row]
    {
      font-size:1em;
      border:1px solid #98bf21;
      padding:3px 7px 2px 7px;
    }
    .test-table th.testhead
    {
      font-size:1.1em;
      text-align:left;
      padding-top:5px;
      padding-bottom:4px;
      background-color:#B8DA53;
      color:#ffffff;
      border-right: 2px solid #333;
    }
    .test-table tr.alt td
    {
      color:#000000;
      background-color:#EAF2D3;
    }
    .test-table tr:hover th[scope=row], .test-table tr:hover td
    {
      background-color: #632a2a;
      color: #fff;
    }
    .test-table caption
    {
      caption-side: top;
      font-size: 0.9em;
      font-style: bold;
      text-align: center;
      padding: 0.5em 0;
    }

    .fail-table
    {
      font-family:"Trebuchet MS", Arial, Helvetica, sans-serif;
      border-collapse:collapse;
      empty-cells:show;
    }
    .fail-table th
    {
      font-size:1.1em;
      text-align:left;
      padding-top:5px;
      padding-bottom:4px;
      background-color:#C9A742;
      color:#ffffff;
    }
    .fail-table th.colhead
    {
      font-size:1.1em;
      text-align:left;
      padding-top:5px;
      padding-bottom:4px;
      background-color:#C9A742;
      color:#ffffff;
      border-bottom: 2px solid #333;
    }
    .fail-table th.corner
    {
      font-size:1.1em;
      text-align:left;
      padding-top:5px;
      padding-bottom:4px;
      background-color:#C9A742;
      color:#ffffff;
      border-bottom: 2px solid #333;
      border-right: 2px solid #333;
    }
    .fail-table td, .fail-table th[scope=row]
    {
      font-size:1em;
      border:1px solid #bf9821;
      padding:3px 7px 2px 7px;
    }
    .fail-table th.testhead
    {
      font-size:1.1em;
      text-align:left;
      padding-top:5px;
      padding-bottom:4px;
      background-color:#DAB853;
      color:#ffffff;
      border-right: 2px solid #333;
    }
    .fail-table tr.alt td
    {
      color:#000000;
      background-color:#F2EAD3;
    }
    .fail-table tr:hover th[scope=row], .fail-table tr:hover td
    {
      background-color: #632a2a;
      color: #fff;
    }
    .fail-table caption
    {
      caption-side: top;
      font-size: 0.9em;
      font-style: bold;
      text-align: center;
      padding: 0.5em 0;
    }
  </style>
</head>
<body>
  <table class="test-table" border="1" name="trace-table 1">
    <caption>Test Generation Trace for Test1 [6084542585210067024]</caption>
    <thead>
      <tr>
        <th class='corner'>Step</th>
        <th colspan='1' class='colhead'>Parameters</th>
      </tr>
    </thead>
    <tbody>
      <tr>
        <th class='testhead' rowspan='2'>1.1:Step1</th>
        <th class='testhead'>user</th>
      </tr>
      <tr>
        <td>guest</td>
      </tr>
      <tr>
        <th class='testhead' rowspan='2'>1.2:Step2</th>
        <th class='testhead'>user</th>
      </tr>
      <tr>
        <td>bob</td>
      </tr>
      <tr>
        <th class='testhead' rowspan='2'>1.3:Step1</th>
        <th class='testhead'>user</th>
      </tr>
      <tr>
        <td>guest</td>
      </tr>
      <tr>
        <th class='testhead' rowspan='2'>1.4:Step2</th>
        <th class='testhead'>user</th>
      </tr>
      <tr>
        <td>bob</td>
      </tr>
      <tr>
        <th class='testhead' rowspan='2'>1.5:Step2</th>
        <th class='testhead'>user</th>
      </tr>
      <tr>
        <td>bob</td>
      </tr>
    </tbody>
  </table>
  <p/>
  <table class="test-table" border="1" name="trace-table 2">
    <caption>Test Generation Trace for Test2 [-2133629401371164667]</caption>
    <thead>
      <tr>
        <th class='corner'>Step</th>
        <th colspan='1' class='colhead'>Parameters</th>
      </tr>
    </thead>
    <tbody>
      <tr>
        <th class='testhead' rowspan='2'>2.1:Step1</th>
        <th class='testhead'>user</th>
      </tr>
      <tr>
        <td>guest</td>
      </tr>
      <tr>
        <th class='testhead' rowspan='2'>2.2:Step1</th>
        <th class='testhead'>user</th>
      </tr>
      <tr>
        <td>guest</td>
      </tr>
      <tr>
        <th class='testhead' rowspan='2'>2.3:Step2</th>
        <th class='testhead'>user</th>
      </tr>
      <tr>
        <td>bob</td>
      </tr>
      <tr>
        <th class='testhead' rowspan='2'>2.4:Step1</th>
        <th class='testhead'>user</th>
      </tr>
      <tr>
        <td>guest</td>
      </tr>
      <tr>
        <th class='testhead' rowspan='2'>2.5:Step1</th>
        <th class='testhead'>user</th>
      </tr>
      <tr>
        <td>guest</td>
      </tr>
    </tbody>
  </table>
  <p/>
  <table class="test-table" border="1" name="trace-table 3">
    <caption>Test Generation Trace for Test3 [-3119484561051954879]</caption>
    <thead>
      <tr>
        <th class='corner'>Step</th>
        <th colspan='1' class='colhead'>Parameters</th>
      </tr>
    </thead>
    <tbody>
      <tr>
        <th class='testhead' rowspan='2'>3.1:Step1</th>
        <th class='testhead'>user</th>
      </tr>
      <tr>
        <td>guest</td>
      </tr>
      <tr>
        <th class='testhead' rowspan='2'>3.2:Step1</th>
        <th class='testhead'>user</th>
      </tr>
      <tr>
        <td>guest</td>
      </tr>
      <tr>
        <th class='testhead' rowspan='2'>3.3:Step2</th>
        <th class='testhead'>user</th>
      </tr>
      <tr>
        <td>bob</td>
      </tr>
      <tr>
        <th class='testhead' rowspan='2'>3.4:Step2</th>
        <th class='testhead'>user</th>
      </tr>
      <tr>
        <td>bob</td>
      </tr>
      <tr>
        <th class='testhead' rowspan='2'>3.5:Step1</th>
        <th class='testhead'>user</th>
      </tr>
      <tr>
        <td>guest</td>
      </tr>
    </tbody>
  </table>
  <p/>
  <table class="test-table" border="1" name="trace-table 4">
    <caption>Test Generation Trace for Test4 [656174231754866806]</caption>
    <thead>
      <tr>
        <th class='corner'>Step</th>
        <th colspan='1' class='colhead'>Parameters</th>
      </tr>
    </thead>
    <tbody>
      <tr>
        <th class='testhead' rowspan='2'>4.1:Step1</th>
        <th class='testhead'>user</th>
      </tr>
      <tr>
        <td>guest</td>
      </tr>
      <tr>
        <th class='testhead' rowspan='2'>4.2:Step2</th>
        <th class='testhead'>user</th>
      </tr>
      <tr>
        <td>bob</td>
      </tr>
      <tr>
        <th class='testhead' rowspan='2'>4.3:Step2</th>
        <th class='testhead'>user</th>
      </tr>
      <tr>
        <td>bob</td>
      </tr>
      <tr>
        <th class='testhead' rowspan='2'>4.4:Step2</th>
        <th class='testhead'>user</th>
      </tr>
      <tr>
        <td>bob</td>
      </tr>
      <tr>
        <th class='testhead' rowspan='2'>4.5:Step2</th>
        <th class='testhead'>user</th>
      </tr>
      <tr>
        <td>bob</td>
      </tr>
    </tbody>
  </table>
  <p/>
  <table class="test-table" border="1" name="trace-table 5">
    <caption>Test Generation Trace for Test5 [-5442460386740181749]</caption>
    <thead>
      <tr>
        <th class='corner'>Step</th>
        <th colspan='1' class='colhead'>Parameters</th>
      </tr>
    </thead>
    <tbody>
      <tr>
        <th class='testhead' rowspan='2'>5.1:Step1</th>
        <th class='testhead'>user</th>
      </tr>
      <tr>
        <td>guest</td>
      </tr>
      <tr>
        <th class='testhead' rowspan='2'>5.2:Step1</th>
        <th class='testhead'>user</th>
      </tr>
      <tr>
        <td>guest</td>
      </tr>
      <tr>
        <th class='testhead' rowspan='2'>5.3:Step1</th>
        <th class='testhead'>user</th>
      </tr>
      <tr>
        <td>guest</td>
      </tr>
      <tr>
        <th class='testhead' rowspan='2'>5.4:Step1</th>
        <th class='testhead'>user</th>
      </tr>
      <tr>
        <td>guest</td>
      </tr>
      <tr>
        <th class='testhead' rowspan='2'>5.5:Step1</th>
        <th class='testhead'>user</th>
      </tr>
      <tr>
        <td>guest</td>
      </tr>
    </tbody>
  </table>
  <p/>
</body>
</html>

