RESET
Step1
Step2:true
Step1
Step2:true
Step2:true
RESET
Step1
Step1
Step2:true
Step1
Step1
RESET
Step1
Step1
Step2:true
Step2:true
Step1
RESET
Step1
Step2:true
Step2:true
Step2:true
Step2:true
RESET
Step1
Step1
Step1
Step1
Step1

